# On-Line Channel Server Mapping
# Format: Hostname,OLC_Hostname[,IP Address[,Mgmt IP Address]]


# Development Servers

l-03380-c5f,dev-cpodeploy
s-03055-c5f,dev-wladm

s-03057-c5f,dev-a-blwscpo
s-03059-c5f,dev-b-blwscpo

s-03056-c5f,dev-a-uicpo,10.237.135.125
s-03058-c5f,dev-b-uicpo,10.237.135.127

s-03445-c5c,dev-a-soaz0
s-03446-c5c,dev-a-soaz1


# Staging Servers

l-03381-c5f,stg-cpodeploy
s-03060-c5f,stg-wladm

s-03062-c5f,stg-a-blwscpo
s-03064-c5f,stg-b-blwscpo

s-03061-c5f,stg-a-uicpo,10.237.135.128
s-03063-c5f,stg-b-uicpo,10.237.135.147

s-03447-c5c,stg-a-soaz0
s-03448-c5c,stg-b-soaz0
s-03449-c5c,stg-a-soaz1
s-03450-c5c,stg-b-soaz1

# Production Servers

l-03382-c5a,prd-cpodeploy
s-03065-c5a,prd-wladm

s-03067-c5a,prd-a-blwscpo
s-03069-c5a,prd-b-blwscpo
s-03071-c5a,prd-c-blwscpo

s-03066-c5a,prd-a-uicpo,10.229.84.227
s-03068-c5a,prd-b-uicpo,10.229.84.229
s-03070-c5a,prd-c-uicpo,10.229.84.231

s-03451-c5a,prd-a-soaz0
s-03452-c5a,prd-b-soaz0
s-03453-c5a,prd-a-soaz1
s-03454-c5a,prd-b-soaz1

# TODO: Need new servers ??
#s-00713-c5f,stg-data-appmon
s-00890-c5a,prd-data-appmon


# Non WebLogic Servers

l-01967-c5c,dev-a-lscs

l-00685-c5c,stg-a-lscs
l-00696-c5c,stg-b-lscs

l-00893-c5e,prd-a-lscs
l-00894-c5e,prd-b-lscs

l-00868-a5a,prd-a-rp
l-00870-a5a,prd-b-rp

s-00873-d5a,prd-a-ldap
s-00874-d5a,prd-b-ldap


# Desktop testing

UbuntuVirtualBox,dev-wladm
localhost,dev-wladm


# EOF
